******************************************************************************
            TI ARM Clang Linker Unix v3.2.1                    
******************************************************************************
>> Linked Tue Apr 30 10:01:56 2024

OUTPUT FILE NAME:   <MSPM0_Lab3_P1.out>
ENTRY POINT SYMBOL: "_c_int00_noargs"  address: 0000208d


MEMORY CONFIGURATION

         name            origin    length      used     unused   attr    fill
----------------------  --------  ---------  --------  --------  ----  --------
  FLASH                 00000000   00020000  00002810  0001d7f0  R  X
  SRAM                  20200000   00008000  00000a08  000075f8  RW X
  BCR_CONFIG            41c00000   00000080  00000000  00000080  R   
  BSL_CONFIG            41c00100   00000080  00000000  00000080  R   


SEGMENT ALLOCATION MAP

run origin  load origin   length   init length attrs members
----------  ----------- ---------- ----------- ----- -------
00000000    00000000    00002810   00002810    r-x
  00000000    00000000    000000c0   000000c0    r-- .intvecs
  000000c0    000000c0    00002170   00002170    r-x .text
  00002230    00002230    000005c0   000005c0    r-- .rodata
  000027f0    000027f0    00000020   00000020    r-- .cinit
20200000    20200000    00000808   00000000    rw-
  20200000    20200000    00000800   00000000    rw- .sysmem
  20200800    20200800    00000008   00000000    rw- .data
20207e00    20207e00    00000200   00000000    rw-
  20207e00    20207e00    00000200   00000000    rw- .stack


SECTION ALLOCATION MAP

 output                                  attributes/
section   page    origin      length       input sections
--------  ----  ----------  ----------   ----------------
.intvecs   0    00000000    000000c0     
                  00000000    000000c0     startup_mspm0g3507_ticlang.o (.intvecs)

.text      0    000000c0    00002170     
                  000000c0    00000a00     libc.a : _printfi.c.obj (.text:__TI_printfi)
                  00000ac0    00000220            : _printfi.c.obj (.text._pconv_a)
                  00000ce0    00000210     Lab3_part1_main.o (.text.main)
                  00000ef0    000001dc     libc.a : _printfi.c.obj (.text._pconv_g)
                  000010cc    00000192     libclang_rt.builtins.a : adddf3.S.obj (.text.adddf3_subdf3)
                  0000125e    00000002                            : aeabi_div0.c.obj (.text.__aeabi_idiv0)
                  00001260    00000168     Clock.o (.text.clock_init_40mhz)
                  000013c8    0000013c     libc.a : _printfi.c.obj (.text.fcvt)
                  00001504    00000120            : _printfi.c.obj (.text._pconv_e)
                  00001624    0000010c     libclang_rt.builtins.a : divdf3.S.obj (.text.__divdf3)
                  00001730    000000e4                            : muldf3.S.obj (.text.__muldf3)
                  00001814    000000e0     uart.o (.text.UART_Init)
                  000018f4    000000d8     libc.a : s_scalbn.c.obj (.text.scalbn)
                  000019cc    000000a2     libclang_rt.builtins.a : udivmoddi4.S.obj (.text)
                  00001a6e    00000002                            : aeabi_div0.c.obj (.text.__aeabi_ldiv0)
                  00001a70    00000078     libc.a : copy_decompress_lzss.c.obj (.text:decompress:lzss)
                  00001ae8    00000070     libclang_rt.builtins.a : comparedf2.c.obj (.text.__gedf2)
                  00001b58    0000006c                            : comparedf2.c.obj (.text.__ledf2)
                  00001bc4    00000066     libc.a : _printfi.c.obj (.text._mcpy)
                  00001c2a    00000002     --HOLE-- [fill = 0]
                  00001c2c    00000062     libclang_rt.builtins.a : aeabi_dcmp.S.obj (.text.__aeabi_dcmp)
                  00001c8e    00000002     --HOLE-- [fill = 0]
                  00001c90    0000005c     libc.a : s_frexp.c.obj (.text.frexp)
                  00001cec    00000058            : _ltoa.c.obj (.text.__TI_ltoa)
                  00001d44    00000058            : _printfi.c.obj (.text._pconv_f)
                  00001d9c    00000056     libclang_rt.builtins.a : aeabi_idivmod.S.obj (.text.__aeabi_idivmod)
                  00001df2    00000052     libc.a : _printfi.c.obj (.text._ecpy)
                  00001e44    0000004a     libclang_rt.builtins.a : fixdfsi.S.obj (.text.__fixdfsi)
                  00001e8e    00000046     uart.o (.text.msp_printf)
                  00001ed4    00000040     libclang_rt.builtins.a : aeabi_uidivmod.S.obj (.text.__aeabi_uidivmod)
                  00001f14    00000040     libc.a : atoi.c.obj (.text.atoi)
                  00001f54    0000003c            : autoinit.c.obj (.text:__TI_auto_init_nobinit_nopinit)
                  00001f90    0000003a     libclang_rt.builtins.a : muldsi3.S.obj (.text.__muldsi3)
                  00001fca    00000002     --HOLE-- [fill = 0]
                  00001fcc    00000038     libc.a : sprintf.c.obj (.text.sprintf)
                  00002004    00000030            : _printfi.c.obj (.text._fcpy)
                  00002034    0000002c     uart.o (.text.UART_OutChar)
                  00002060    0000002c     libclang_rt.builtins.a : floatsidf.S.obj (.text.__floatsidf)
                  0000208c    00000028     libc.a : boot_cortex_m.c.obj (.text:_c_int00_noargs)
                  000020b4    00000024     libclang_rt.builtins.a : muldi3.S.obj (.text.__muldi3)
                  000020d8    00000022     libc.a : memccpy.c.obj (.text.memccpy)
                  000020fa    00000002     --HOLE-- [fill = 0]
                  000020fc    0000001e     libclang_rt.builtins.a : ashldi3.S.obj (.text.__ashldi3)
                  0000211a    00000018     libc.a : sprintf.c.obj (.text._outs)
                  00002132    00000002     --HOLE-- [fill = 0]
                  00002134    00000014     libclang_rt.builtins.a : aeabi_uldivmod.S.obj (.text.__aeabi_uldivmod)
                  00002148    00000014     libc.a : _printfi.c.obj (.text.strchr)
                  0000215c    00000012            : memcpy16.S.obj (.text:TI_memcpy_small)
                  0000216e    00000012            : copy_decompress_none.c.obj (.text:decompress:none)
                  00002180    00000010     Clock.o (.text.clock_delay)
                  00002190    00000010     libc.a : wcslen.c.obj (.text.wcslen)
                  000021a0    0000000e     libclang_rt.builtins.a : aeabi_memset.S.obj (.text.__aeabi_memset)
                  000021ae    0000000e     libc.a : _printfi.c.obj (.text.strlen)
                  000021bc    0000000e            : memset16.S.obj (.text:TI_memset_small)
                  000021ca    00000002     --HOLE-- [fill = 0]
                  000021cc    0000000c     Clock.o (.text.get_bus_clock_freq)
                  000021d8    0000000a     libc.a : _printfi.c.obj (.text.OUTLINED_FUNCTION_0)
                  000021e2    00000002     --HOLE-- [fill = 0]
                  000021e4    00000010     libclang_rt.builtins.a : adddf3.S.obj (.tramp.__aeabi_dsub.1)
                  000021f4    0000000a     libc.a : _printfi.c.obj (.text.OUTLINED_FUNCTION_1)
                  000021fe    0000000a            : sprintf.c.obj (.text._outc)
                  00002208    00000008            : aeabi_portable.c.obj (.text.__aeabi_errno_addr)
                  00002210    00000008     libclang_rt.builtins.a : aeabi_memcpy.S.obj (.text.__aeabi_memcpy)
                  00002218    00000004     startup_mspm0g3507_ticlang.o (.text.Default_Handler)
                  0000221c    00000004     startup_mspm0g3507_ticlang.o (.text.HardFault_Handler)
                  00002220    00000004     startup_mspm0g3507_ticlang.o (.text.Reset_Handler)
                  00002224    00000004     libc.a : pre_init.c.obj (.text._system_pre_init)
                  00002228    00000004            : exit.c.obj (.text:abort)
                  0000222c    00000004     --HOLE-- [fill = 0]

.cinit     0    000027f0    00000020     
                  000027f0    0000000a     (.cinit..data.load) [load image, compression = lzss]
                  000027fa    00000002     --HOLE-- [fill = 0]
                  000027fc    00000008     (__TI_handler_table)
                  00002804    00000008     (__TI_cinit_table)
                  0000280c    00000004     --HOLE-- [fill = 0]

.rodata    0    00002230    000005c0     
                  00002230    00000101     libc.a : aeabi_ctype.S.obj (.rodata:__aeabi_ctype_table_)
                  00002331    0000003b     Lab3_part1_main.o (.rodata.str1.95294799873820250011)
                  0000236c    00000029     Lab3_part1_main.o (.rodata.str1.126610897889786322361)
                  00002395    00000029     Lab3_part1_main.o (.rodata.str1.147333718477364483741)
                  000023be    00000029     Lab3_part1_main.o (.rodata.str1.156520751374929679911)
                  000023e7    00000029     Lab3_part1_main.o (.rodata.str1.161833980139786856851)
                  00002410    00000029     Lab3_part1_main.o (.rodata.str1.46342272209647805941)
                  00002439    00000029     Lab3_part1_main.o (.rodata.str1.55268496407026993051)
                  00002462    00000029     Lab3_part1_main.o (.rodata.str1.93946077701740405691)
                  0000248b    00000029     Lab3_part1_main.o (.rodata.str1.95649914665405467951)
                  000024b4    00000028     Lab3_part1_main.o (.rodata.str1.105662200046007806171)
                  000024dc    00000028     Lab3_part1_main.o (.rodata.str1.119564030407095846921)
                  00002504    00000028     Lab3_part1_main.o (.rodata.str1.144440802328140153881)
                  0000252c    00000028     Lab3_part1_main.o (.rodata.str1.33480695067558599801)
                  00002554    00000028     Lab3_part1_main.o (.rodata.str1.37047827969693221941)
                  0000257c    00000028     Lab3_part1_main.o (.rodata.str1.50319617843295077431)
                  000025a4    00000028     Lab3_part1_main.o (.rodata.str1.51328858812193066661)
                  000025cc    00000028     Lab3_part1_main.o (.rodata.str1.89400137093117456961)
                  000025f4    00000022     Lab3_part1_main.o (.rodata.str1.117233303080025545131)
                  00002616    00000022     Lab3_part1_main.o (.rodata.str1.121003861719581261191)
                  00002638    00000022     Lab3_part1_main.o (.rodata.str1.140217670408986101511)
                  0000265a    00000022     Lab3_part1_main.o (.rodata.str1.144197911147960867171)
                  0000267c    00000022     Lab3_part1_main.o (.rodata.str1.149422595705354962651)
                  0000269e    00000022     Lab3_part1_main.o (.rodata.str1.161811900632110020491)
                  000026c0    00000022     Lab3_part1_main.o (.rodata.str1.163385035556354683731)
                  000026e2    00000022     Lab3_part1_main.o (.rodata.str1.40386531229054793441)
                  00002704    00000022     Lab3_part1_main.o (.rodata.str1.60118734441251552381)
                  00002726    00000021     Lab3_part1_main.o (.rodata.str1.158717923692384140621)
                  00002747    0000001e     Lab3_part1_main.o (.rodata.str1.171979653817940156071)
                  00002765    0000001e     Lab3_part1_main.o (.rodata.str1.5250890756452426411)
                  00002783    0000001e     Lab3_part1_main.o (.rodata.str1.8219241767755560311)
                  000027a1    0000001d     Lab3_part1_main.o (.rodata.str1.115586228156726388641)
                  000027be    00000011     libc.a : _printfi.c.obj (.rodata.str1.11645776875810915891)
                  000027cf    00000011            : _printfi.c.obj (.rodata.str1.44690500295887128011)
                  000027e0    00000003     Lab3_part1_main.o (.rodata.str1.125812531823739670341)
                  000027e3    0000000d     --HOLE-- [fill = 0]

.init_array 
*          0    00000000    00000000     UNINITIALIZED

.binit     0    00000000    00000000     

.data      0    20200800    00000008     UNINITIALIZED
                  20200800    00000004     libc.a : aeabi_portable.c.obj (.data.__aeabi_errno)
                  20200804    00000004     Clock.o (.data.g_bus_clock_freq)

.sysmem    0    20200000    00000800     UNINITIALIZED
                  20200000    00000010     libc.a : memory.c.obj (.sysmem)
                  20200010    000007f0     --HOLE--

.stack     0    20207e00    00000200     UNINITIALIZED
                  20207e00    00000004     libc.a : boot_cortex_m.c.obj (.stack)
                  20207e04    000001fc     --HOLE--

__llvm_prf_cnts 
*          0    20200000    00000000     UNINITIALIZED

__llvm_prf_bits 
*          0    20200000    00000000     UNINITIALIZED

MODULE SUMMARY

       Module                         code   ro data   rw data
       ------                         ----   -------   -------
    ./
       Lab3_part1_main.o              528    1168      0      
       Clock.o                        388    0         4      
       uart.o                         338    0         0      
    +--+------------------------------+------+---------+---------+
       Total:                         1254   1168      4      
                                                              
    ./ticlang/
       startup_mspm0g3507_ticlang.o   12     192       0      
    +--+------------------------------+------+---------+---------+
       Total:                         12     192       0      
                                                              
    /Applications/ti/ccstheia131/ccs/tools/compiler/ti-cgt-armllvm_3.2.1.LTS/lib/armv6m-ti-none-eabi/c/libc.a
       _printfi.c.obj                 4558   34        0      
       aeabi_ctype.S.obj              0      257       0      
       s_scalbn.c.obj                 216    0         0      
       copy_decompress_lzss.c.obj     120    0         0      
       s_frexp.c.obj                  92     0         0      
       sprintf.c.obj                  90     0         0      
       _ltoa.c.obj                    88     0         0      
       atoi.c.obj                     64     0         0      
       autoinit.c.obj                 60     0         0      
       boot_cortex_m.c.obj            40     0         0      
       memccpy.c.obj                  34     0         0      
       copy_decompress_none.c.obj     18     0         0      
       memcpy16.S.obj                 18     0         0      
       wcslen.c.obj                   16     0         0      
       memset16.S.obj                 14     0         0      
       aeabi_portable.c.obj           8      0         4      
       exit.c.obj                     4      0         0      
       pre_init.c.obj                 4      0         0      
    +--+------------------------------+------+---------+---------+
       Total:                         5444   291       4      
                                                              
    /Applications/ti/ccstheia131/ccs/tools/compiler/ti-cgt-armllvm_3.2.1.LTS/lib/clang/15.0.7/lib/armv6m-ti-none-eabi/libclang_rt.builtins.a
       adddf3.S.obj                   418    0         0      
       divdf3.S.obj                   268    0         0      
       muldf3.S.obj                   228    0         0      
       comparedf2.c.obj               220    0         0      
       udivmoddi4.S.obj               162    0         0      
       aeabi_dcmp.S.obj               98     0         0      
       aeabi_idivmod.S.obj            86     0         0      
       fixdfsi.S.obj                  74     0         0      
       aeabi_uidivmod.S.obj           64     0         0      
       muldsi3.S.obj                  58     0         0      
       floatsidf.S.obj                44     0         0      
       muldi3.S.obj                   36     0         0      
       ashldi3.S.obj                  30     0         0      
       aeabi_uldivmod.S.obj           20     0         0      
       aeabi_memset.S.obj             14     0         0      
       aeabi_memcpy.S.obj             8      0         0      
       aeabi_div0.c.obj               4      0         0      
    +--+------------------------------+------+---------+---------+
       Total:                         1832   0         0      
                                                              
       Heap:                          0      0         2048   
       Stack:                         0      0         512    
       Linker Generated:              0      26        0      
    +--+------------------------------+------+---------+---------+
       Grand Total:                   8542   1677      2568   


LINKER GENERATED COPY TABLES

__TI_cinit_table @ 00002804 records: 1, size/record: 8, table size: 8
	.data: load addr=000027f0, load size=0000000a bytes, run addr=20200800, run size=00000008 bytes, compression=lzss


LINKER GENERATED HANDLER TABLE

__TI_handler_table @ 000027fc records: 2, size/record: 4, table size: 8
	index: 0, handler: __TI_decompress_lzss
	index: 1, handler: __TI_decompress_none


FAR CALL TRAMPOLINES

callee name               trampoline name
   callee addr  tramp addr   call addr  call info
--------------  -----------  ---------  ----------------
__aeabi_dsub              $Tramp$TT$L$PI$$__aeabi_dsub
   000010cd     000021e4     000021e0   libc.a : _printfi.c.obj (.text.OUTLINED_FUNCTION_0)

[1 trampolines]
[1 trampoline calls]


GLOBAL SYMBOLS: SORTED ALPHABETICALLY BY Name 

address   name                          
-------   ----                          
00002219  ADC0_IRQHandler               
00002219  ADC1_IRQHandler               
00002219  AES_IRQHandler                
00002228  C$$EXIT                       
00002219  CANFD0_IRQHandler             
00002219  DAC0_IRQHandler               
00002219  DMA_IRQHandler                
00002219  Default_Handler               
00002219  GROUP0_IRQHandler             
00002219  GROUP1_IRQHandler             
0000221d  HardFault_Handler             
00002219  I2C0_IRQHandler               
00002219  I2C1_IRQHandler               
00002219  NMI_Handler                   
00002219  PendSV_Handler                
00002219  RTC_IRQHandler                
00002221  Reset_Handler                 
00002219  SPI0_IRQHandler               
00002219  SPI1_IRQHandler               
00002219  SVC_Handler                   
00002219  SysTick_Handler               
00002219  TIMA0_IRQHandler              
00002219  TIMA1_IRQHandler              
00002219  TIMG0_IRQHandler              
00002219  TIMG12_IRQHandler             
00002219  TIMG6_IRQHandler              
00002219  TIMG7_IRQHandler              
00002219  TIMG8_IRQHandler              
0000215d  TI_memcpy_small               
000021bd  TI_memset_small               
00002219  UART0_IRQHandler              
00002219  UART1_IRQHandler              
00002219  UART2_IRQHandler              
00002219  UART3_IRQHandler              
00001815  UART_Init                     
00002035  UART_OutChar                  
20208000  __STACK_END                   
00000200  __STACK_SIZE                  
00000800  __SYSMEM_SIZE                 
00000000  __TI_ATRegion0_region_sz      
00000000  __TI_ATRegion0_src_addr       
00000000  __TI_ATRegion0_trg_addr       
00000000  __TI_ATRegion1_region_sz      
00000000  __TI_ATRegion1_src_addr       
00000000  __TI_ATRegion1_trg_addr       
00000000  __TI_ATRegion2_region_sz      
00000000  __TI_ATRegion2_src_addr       
00000000  __TI_ATRegion2_trg_addr       
00002804  __TI_CINIT_Base               
0000280c  __TI_CINIT_Limit              
0000280c  __TI_CINIT_Warm               
000027fc  __TI_Handler_Table_Base       
00002804  __TI_Handler_Table_Limit      
00001f55  __TI_auto_init_nobinit_nopinit
00001a71  __TI_decompress_lzss          
0000216f  __TI_decompress_none          
00001ced  __TI_ltoa                     
ffffffff  __TI_pprof_out_hndl           
000000c1  __TI_printfi                  
ffffffff  __TI_prof_data_size           
ffffffff  __TI_prof_data_start          
00000000  __TI_static_base__            
000010d7  __adddf3                      
00002230  __aeabi_ctype_table_          
00002230  __aeabi_ctype_table_C         
00001e45  __aeabi_d2iz                  
000010d7  __aeabi_dadd                  
00001c2d  __aeabi_dcmpeq                
00001c69  __aeabi_dcmpge                
00001c7d  __aeabi_dcmpgt                
00001c55  __aeabi_dcmple                
00001c41  __aeabi_dcmplt                
00001625  __aeabi_ddiv                  
00001731  __aeabi_dmul                  
000010cd  __aeabi_dsub                  
20200800  __aeabi_errno                 
00002209  __aeabi_errno_addr            
00002061  __aeabi_i2d                   
00001d9d  __aeabi_idiv                  
0000125f  __aeabi_idiv0                 
00001d9d  __aeabi_idivmod               
00001a6f  __aeabi_ldiv0                 
000020fd  __aeabi_llsl                  
000020b5  __aeabi_lmul                  
00002211  __aeabi_memcpy                
00002211  __aeabi_memcpy4               
00002211  __aeabi_memcpy8               
000021a1  __aeabi_memset                
000021a1  __aeabi_memset4               
000021a1  __aeabi_memset8               
00001ed5  __aeabi_uidiv                 
00001ed5  __aeabi_uidivmod              
00002135  __aeabi_uldivmod              
000020fd  __ashldi3                     
ffffffff  __binit__                     
00001b59  __cmpdf2                      
00001625  __divdf3                      
00001b59  __eqdf2                       
00001e45  __fixdfsi                     
00002061  __floatsidf                   
00001ae9  __gedf2                       
00001ae9  __gtdf2                       
00001b59  __ledf2                       
00001b59  __ltdf2                       
UNDEFED   __mpu_init                    
00001731  __muldf3                      
000020b5  __muldi3                      
00001f91  __muldsi3                     
00001b59  __nedf2                       
20207e00  __stack                       
20200000  __start___llvm_prf_bits       
20200000  __start___llvm_prf_cnts       
20200000  __stop___llvm_prf_bits        
20200000  __stop___llvm_prf_cnts        
000010cd  __subdf3                      
000019cd  __udivmoddi4                  
0000208d  _c_int00_noargs               
20200000  _sys_memory                   
UNDEFED   _system_post_cinit            
00002225  _system_pre_init              
00002229  abort                         
00001f15  atoi                          
ffffffff  binit                         
00002181  clock_delay                   
00001261  clock_init_40mhz              
00001c91  frexp                         
00001c91  frexpl                        
20200804  g_bus_clock_freq              
000021cd  get_bus_clock_freq            
00000000  interruptVectors              
000018f5  ldexp                         
000018f5  ldexpl                        
00000ce1  main                          
000020d9  memccpy                       
00001e8f  msp_printf                    
000018f5  scalbn                        
000018f5  scalbnl                       
00001fcd  sprintf                       
00002191  wcslen                        


GLOBAL SYMBOLS: SORTED BY Symbol Address 

address   name                          
-------   ----                          
00000000  __TI_ATRegion0_region_sz      
00000000  __TI_ATRegion0_src_addr       
00000000  __TI_ATRegion0_trg_addr       
00000000  __TI_ATRegion1_region_sz      
00000000  __TI_ATRegion1_src_addr       
00000000  __TI_ATRegion1_trg_addr       
00000000  __TI_ATRegion2_region_sz      
00000000  __TI_ATRegion2_src_addr       
00000000  __TI_ATRegion2_trg_addr       
00000000  __TI_static_base__            
00000000  interruptVectors              
000000c1  __TI_printfi                  
00000200  __STACK_SIZE                  
00000800  __SYSMEM_SIZE                 
00000ce1  main                          
000010cd  __aeabi_dsub                  
000010cd  __subdf3                      
000010d7  __adddf3                      
000010d7  __aeabi_dadd                  
0000125f  __aeabi_idiv0                 
00001261  clock_init_40mhz              
00001625  __aeabi_ddiv                  
00001625  __divdf3                      
00001731  __aeabi_dmul                  
00001731  __muldf3                      
00001815  UART_Init                     
000018f5  ldexp                         
000018f5  ldexpl                        
000018f5  scalbn                        
000018f5  scalbnl                       
000019cd  __udivmoddi4                  
00001a6f  __aeabi_ldiv0                 
00001a71  __TI_decompress_lzss          
00001ae9  __gedf2                       
00001ae9  __gtdf2                       
00001b59  __cmpdf2                      
00001b59  __eqdf2                       
00001b59  __ledf2                       
00001b59  __ltdf2                       
00001b59  __nedf2                       
00001c2d  __aeabi_dcmpeq                
00001c41  __aeabi_dcmplt                
00001c55  __aeabi_dcmple                
00001c69  __aeabi_dcmpge                
00001c7d  __aeabi_dcmpgt                
00001c91  frexp                         
00001c91  frexpl                        
00001ced  __TI_ltoa                     
00001d9d  __aeabi_idiv                  
00001d9d  __aeabi_idivmod               
00001e45  __aeabi_d2iz                  
00001e45  __fixdfsi                     
00001e8f  msp_printf                    
00001ed5  __aeabi_uidiv                 
00001ed5  __aeabi_uidivmod              
00001f15  atoi                          
00001f55  __TI_auto_init_nobinit_nopinit
00001f91  __muldsi3                     
00001fcd  sprintf                       
00002035  UART_OutChar                  
00002061  __aeabi_i2d                   
00002061  __floatsidf                   
0000208d  _c_int00_noargs               
000020b5  __aeabi_lmul                  
000020b5  __muldi3                      
000020d9  memccpy                       
000020fd  __aeabi_llsl                  
000020fd  __ashldi3                     
00002135  __aeabi_uldivmod              
0000215d  TI_memcpy_small               
0000216f  __TI_decompress_none          
00002181  clock_delay                   
00002191  wcslen                        
000021a1  __aeabi_memset                
000021a1  __aeabi_memset4               
000021a1  __aeabi_memset8               
000021bd  TI_memset_small               
000021cd  get_bus_clock_freq            
00002209  __aeabi_errno_addr            
00002211  __aeabi_memcpy                
00002211  __aeabi_memcpy4               
00002211  __aeabi_memcpy8               
00002219  ADC0_IRQHandler               
00002219  ADC1_IRQHandler               
00002219  AES_IRQHandler                
00002219  CANFD0_IRQHandler             
00002219  DAC0_IRQHandler               
00002219  DMA_IRQHandler                
00002219  Default_Handler               
00002219  GROUP0_IRQHandler             
00002219  GROUP1_IRQHandler             
00002219  I2C0_IRQHandler               
00002219  I2C1_IRQHandler               
00002219  NMI_Handler                   
00002219  PendSV_Handler                
00002219  RTC_IRQHandler                
00002219  SPI0_IRQHandler               
00002219  SPI1_IRQHandler               
00002219  SVC_Handler                   
00002219  SysTick_Handler               
00002219  TIMA0_IRQHandler              
00002219  TIMA1_IRQHandler              
00002219  TIMG0_IRQHandler              
00002219  TIMG12_IRQHandler             
00002219  TIMG6_IRQHandler              
00002219  TIMG7_IRQHandler              
00002219  TIMG8_IRQHandler              
00002219  UART0_IRQHandler              
00002219  UART1_IRQHandler              
00002219  UART2_IRQHandler              
00002219  UART3_IRQHandler              
0000221d  HardFault_Handler             
00002221  Reset_Handler                 
00002225  _system_pre_init              
00002228  C$$EXIT                       
00002229  abort                         
00002230  __aeabi_ctype_table_          
00002230  __aeabi_ctype_table_C         
000027fc  __TI_Handler_Table_Base       
00002804  __TI_CINIT_Base               
00002804  __TI_Handler_Table_Limit      
0000280c  __TI_CINIT_Limit              
0000280c  __TI_CINIT_Warm               
20200000  __start___llvm_prf_bits       
20200000  __start___llvm_prf_cnts       
20200000  __stop___llvm_prf_bits        
20200000  __stop___llvm_prf_cnts        
20200000  _sys_memory                   
20200800  __aeabi_errno                 
20200804  g_bus_clock_freq              
20207e00  __stack                       
20208000  __STACK_END                   
ffffffff  __TI_pprof_out_hndl           
ffffffff  __TI_prof_data_size           
ffffffff  __TI_prof_data_start          
ffffffff  __binit__                     
ffffffff  binit                         
UNDEFED   __mpu_init                    
UNDEFED   _system_post_cinit            

[139 symbols]
